main.c:131:5:main	16	static
main.c:207:6:SystemClock_Config	216	static
main.c:289:13:MX_ADC3_Init	24	static
main.c:339:13:MX_CRC_Init	8	static
main.c:370:13:MX_DCMI_Init	8	static
main.c:407:13:MX_DMA2D_Init	8	static
main.c:444:13:MX_ETH_Init	16	static
main.c:489:13:MX_I2C1_Init	8	static
main.c:535:13:MX_I2C3_Init	8	static
main.c:581:13:MX_LTDC_Init	64	static
main.c:643:13:MX_QUADSPI_Init	8	static
main.c:678:13:MX_RTC_Init	80	static
main.c:771:13:MX_SAI2_Init	8	static
main.c:846:13:MX_SDMMC1_SD_Init	8	static
main.c:882:13:MX_SPDIFRX_Init	8	static
main.c:918:13:MX_SPI2_Init	8	static
main.c:958:13:MX_TIM1_Init	112	static
main.c:1038:13:MX_TIM2_Init	64	static
main.c:1097:13:MX_TIM3_Init	64	static
main.c:1156:13:MX_TIM5_Init	64	static
main.c:1215:13:MX_TIM8_Init	40	static
main.c:1262:13:MX_TIM12_Init	40	static
main.c:1304:13:MX_USART1_UART_Init	8	static
main.c:1339:13:MX_USART6_UART_Init	8	static
main.c:1370:13:MX_FMC_Init	40	static
main.c:1421:13:MX_GPIO_Init	72	static
main.c:1587:6:HAL_TIM_PeriodElapsedCallback	16	static
main.c:1604:6:Error_Handler	4	static
