main.c:132:5:main	8	static
main.c:204:6:SystemClock_Config	216	static
main.c:286:13:MX_ADC3_Init	24	static
main.c:336:13:MX_CRC_Init	8	static
main.c:367:13:MX_DCMI_Init	8	static
main.c:404:13:MX_DMA2D_Init	8	static
main.c:441:13:MX_ETH_Init	16	static
main.c:486:13:MX_I2C1_Init	8	static
main.c:532:13:MX_I2C3_Init	8	static
main.c:578:13:MX_LTDC_Init	64	static
main.c:640:13:MX_QUADSPI_Init	8	static
main.c:675:13:MX_RTC_Init	80	static
main.c:768:13:MX_SAI2_Init	8	static
main.c:843:13:MX_SDMMC1_SD_Init	8	static
main.c:879:13:MX_SPDIFRX_Init	8	static
main.c:915:13:MX_SPI2_Init	8	static
main.c:955:13:MX_TIM1_Init	112	static
main.c:1035:13:MX_TIM2_Init	64	static
main.c:1094:13:MX_TIM3_Init	64	static
main.c:1153:13:MX_TIM5_Init	64	static
main.c:1212:13:MX_TIM8_Init	40	static
main.c:1259:13:MX_TIM12_Init	40	static
main.c:1301:13:MX_USART1_UART_Init	8	static
main.c:1336:13:MX_USART6_UART_Init	8	static
main.c:1367:13:MX_FMC_Init	40	static
main.c:1418:13:MX_GPIO_Init	72	static
main.c:1584:6:HAL_TIM_PeriodElapsedCallback	16	static
main.c:1601:6:Error_Handler	4	static
